
> frontend@0.0.0 build
> tsc -b && vite build

src/pages/profile/ParentProfileForm.tsx(6,10): error TS6133: 'ArrowLeft' is declared but its value is never read.
src/pages/profile/ParentProfileForm.tsx(6,35): error TS6133: 'Phone' is declared but its value is never read.
src/pages/profile/ParentProfileForm.tsx(6,48): error TS6133: 'Camera' is declared but its value is never read.
src/pages/profile/StudentProfileForm.tsx(6,10): error TS6133: 'ArrowLeft' is declared but its value is never read.
src/pages/profile/StudentProfileForm.tsx(6,35): error TS6133: 'Phone' is declared but its value is never read.
src/pages/profile/StudentProfileForm.tsx(6,48): error TS6133: 'Camera' is declared but its value is never read.
vite.config.ts(7,19): error TS7006: Parameter 'server' implicitly has an 'any' type.
vite.config.ts(8,29): error TS7006: Parameter 'req' implicitly has an 'any' type.
vite.config.ts(8,34): error TS7006: Parameter 'res' implicitly has an 'any' type.
vite.config.ts(8,39): error TS7006: Parameter 'next' implicitly has an 'any' type.
vite.config.ts(21,26): error TS7006: Parameter 'server' implicitly has an 'any' type.
vite.config.ts(22,29): error TS7006: Parameter 'req' implicitly has an 'any' type.
vite.config.ts(22,34): error TS7006: Parameter 'res' implicitly has an 'any' type.
vite.config.ts(22,39): error TS7006: Parameter 'next' implicitly has an 'any' type.
